heater on: 0
blower on: 1
cooler on: 1
hi temp alarm: 0
lo temp alarm: 0

